I'm sorry, but errors were detected in your script. Please correct the
errors listed below, and try again.


File "game/script.rpy", line 30: expected statement.
    xalign 0.5
            ^

File "game/script.rpy", line 31: expected statement.
    yalign 0.5
            ^

Ren'Py Version: Ren'Py 8.3.2.24090902
Sun Oct  6 18:48:14 2024
